---
source: src/lib.rs
expression: paths
---
{
    ".node-version": [],
    "package.json": [],
}
