---
source: src/lib.rs
expression: paths
---
{
    "a": [
        "fixtures/a",
    ],
}
